../Core/Src/main.c:81:5:main	8	static
../Core/Src/main.c:129:6:SystemClock_Config	88	static
../Core/Src/main.c:177:13:MX_USART2_UART_Init	8	static
../Core/Src/main.c:210:13:MX_GPIO_Init	48	static
../Core/Src/main.c:244:5:random_number_integer	16	static
../Core/Src/main.c:249:5:Random_Number	32	static
../Core/Src/main.c:270:8:randfrom	40	static
../Core/Src/main.c:277:8:drand	32	static
../Core/Src/main.c:283:6:HAL_UART_RxCpltCallback	240	static
../Core/Src/main.c:364:6:Error_Handler	4	static,ignoring_inline_asm
